sep=;
Device ID;garmin-3479405784;;

Series No;0001;;
Total number of shots;0010;;

Units velocity;m/s;;
Units distances;m;;
Units kinetic energy;j;;
Units weight;grains (grs);;

Stats - Average;270.937;m/s;
Stats - Highest;289.885;m/s;
Stats - Lowest;253.934;m/s;
Stats - Ext. Spread;35.95;m/s;
Stats - Std. Dev;11.23;m/s;

Shot ID;V0;Ke0;Proj. Weight;Date;Time
0001;265.391;410.76;180;18-06-2024;13:48:01;
0002;254.826;378.71;180;18-06-2024;13:48:07;
0003;253.934;376.06;180;18-06-2024;13:48:14;
0004;262.184;400.90;180;18-06-2024;13:48:18;
0005;271.003;428.32;180;18-06-2024;13:48:38;
0006;276.637;446.31;180;18-06-2024;13:48:42;
0007;279.081;454.24;180;18-06-2024;13:48:45;
0008;273.712;436.93;180;18-06-2024;13:49:03;
0009;282.719;466.15;180;18-06-2024;13:49:05;
0010;289.885;490.09;180;18-06-2024;13:49:08;
