sep=;
Device ID;useyournose-xeroconv;;

Series No;0001;;
Total number of shots;0010;;

Units velocity;m/s;;
Units distances;m;;
Units kinetic energy;j;;
Units weight;grains (grs);;

Stats - Average;474.13;m/s;
Stats - Highest;488.3;m/s;
Stats - Lowest;425.5;m/s;
Stats - Ext. Spread;62.8;m/s;
Stats - Std. Dev;17.1;m/s;

Shot ID;V0;Ke0;Proj. Weight;Date;Time
0001;488.3;1220.7;5;158;02-07-2024;17:09:22;
0002;425.5;926.7;4.4;158;02-07-2024;17:09:27;
0003;477;1165;4.9;158;02-07-2024;17:09:30;
0004;485.1;1204.9;5;158;02-07-2024;17:09:34;
0005;476.8;1164;4.9;158;02-07-2024;17:09:37;
0006;474.4;1152.1;4.9;158;02-07-2024;17:10:04;
0007;470.7;1134;4.8;158;02-07-2024;17:10:08;
0008;474.8;1154.1;4.9;158;02-07-2024;17:10:10;
0009;482.7;1192.7;4.9;158;02-07-2024;17:10:13;
0010;486;1209.3;5;158;02-07-2024;17:10:17;
